// Jest Snapshot v1, https://goo.gl/fbAQLP

exports[`<Splash /> should render correctly 1`] = `
<div
  className="Splash Splash__login"
>
  <div
    className="Splash__inner"
  />
</div>
`;
